// Jest Snapshot v1, https://goo.gl/fbAQLP

exports[`Your testing module App renders correctly 1`] = `
<div
  className="wrapper"
>
  <form
    className="ant-form ant-form-horizontal"
    id="control-hooks"
    onSubmit={[Function]}
  >
    <div
      className="ant-row ant-form-item"
      style={Object {}}
    >
      <div
        className="ant-col ant-form-item-control"
        style={Object {}}
      >
        <div
          className="ant-form-item-control-input"
        >
          <div
            className="ant-form-item-control-input-content"
          >
            <button
              className="ant-btn ant-btn-primary"
              onClick={[Function]}
              type="submit"
            >
              <span>
                Submit
              </span>
            </button>
          </div>
        </div>
      </div>
    </div>
  </form>
</div>
`;
